        Memory Usage by Core
        ====================

Generated: Tue Aug  7 11:10:23 2018 for target machine 'virtual'

SDRAM reqs for core (1,1,6) is 128 KB
SDRAM reqs for core (0,0,6) is 130 KB
SDRAM reqs for core (1,1,7) is 128 KB
SDRAM reqs for core (0,0,4) is 130 KB
SDRAM reqs for core (1,0,2) is 129 KB
SDRAM reqs for core (0,0,5) is 129 KB
SDRAM reqs for core (0,0,13) is 130 KB
SDRAM reqs for core (0,0,7) is 129 KB
SDRAM reqs for core (0,0,11) is 128 KB
SDRAM reqs for core (1,0,5) is 129 KB
SDRAM reqs for core (1,0,6) is 129 KB
SDRAM reqs for core (0,0,9) is 129 KB
SDRAM reqs for core (1,0,12) is 129 KB
SDRAM reqs for core (1,1,12) is 128 KB
SDRAM reqs for core (1,0,8) is 130 KB
SDRAM reqs for core (1,0,13) is 128 KB
SDRAM reqs for core (1,0,10) is 130 KB
SDRAM reqs for core (1,1,1) is 129 KB
SDRAM reqs for core (1,1,3) is 129 KB
SDRAM reqs for core (1,0,1) is 128 KB
SDRAM reqs for core (1,0,11) is 129 KB
SDRAM reqs for core (1,1,8) is 130 KB
SDRAM reqs for core (1,1,11) is 129 KB
SDRAM reqs for core (1,1,13) is 129 KB
SDRAM reqs for core (1,1,10) is 129 KB
SDRAM reqs for core (0,0,1) is 128 KB
SDRAM reqs for core (0,0,2) is 129 KB
SDRAM reqs for core (0,0,14) is 129 KB
SDRAM reqs for core (1,0,3) is 129 KB
SDRAM reqs for core (0,0,12) is 129 KB
SDRAM reqs for core (1,1,5) is 129 KB
SDRAM reqs for core (1,1,4) is 128 KB
SDRAM reqs for core (1,0,4) is 128 KB
SDRAM reqs for core (1,0,14) is 130 KB
SDRAM reqs for core (1,1,2) is 129 KB
SDRAM reqs for core (1,0,7) is 130 KB
SDRAM reqs for core (1,0,9) is 129 KB
SDRAM reqs for core (0,0,3) is 130 KB
SDRAM reqs for core (0,0,8) is 130 KB
SDRAM reqs for core (0,0,10) is 128 KB
SDRAM reqs for core (1,1,9) is 1024 KB
**** Chip: (0, 0) has total memory usage of 1812 KB (1855827.2 bytes) out of a max of 119808 KB (122683392 bytes)

**** Chip: (1, 0) has total memory usage of 1812 KB (1855827.2 bytes) out of a max of 119808 KB (122683392 bytes)

**** Chip: (1, 1) has total memory usage of 2573 KB (2634821.6 bytes) out of a max of 119808 KB (122683392 bytes)

