Vertex: PN_population:0:99
    Partition: SPIKE, Routing Info: [KeyAndMask:0x0L:0xffffff80]
Vertex: KC_population:0:49
Vertex: KC_population:50:99
Vertex: KC_population:100:149
Vertex: KC_population:150:199
Vertex: KC_population:200:249
Vertex: KC_population:250:299
Vertex: KC_population:300:349
Vertex: KC_population:350:399
Vertex: KC_population:400:449
Vertex: KC_population:450:499
Vertex: KC_population:500:549
Vertex: KC_population:550:599
Vertex: KC_population:600:649
Vertex: KC_population:650:699
Vertex: KC_population:700:749
Vertex: KC_population:750:799
Vertex: KC_population:800:849
Vertex: KC_population:850:899
Vertex: KC_population:900:949
Vertex: KC_population:950:999
Vertex: KC_population:1000:1049
Vertex: KC_population:1050:1099
Vertex: KC_population:1100:1149
Vertex: KC_population:1150:1199
Vertex: KC_population:1200:1249
Vertex: KC_population:1250:1299
Vertex: KC_population:1300:1349
Vertex: KC_population:1350:1399
Vertex: KC_population:1400:1449
Vertex: KC_population:1450:1499
Vertex: KC_population:1500:1549
Vertex: KC_population:1550:1599
Vertex: KC_population:1600:1649
Vertex: KC_population:1650:1699
Vertex: KC_population:1700:1749
Vertex: KC_population:1750:1799
Vertex: KC_population:1800:1849
Vertex: KC_population:1850:1899
Vertex: KC_population:1900:1949
Vertex: KC_population:1950:1999
